[okathemes.com/themes/blend/index2.html]
[backblue.gif]
[fade.gif]
[index.html]
[okathemes.com/themes/blend/images/favicon.png]
[okathemes.com/themes/blend/js/modernizr.custom.js]
[okathemes.com/themes/blend/index1.html]
[okathemes.com/themes/blend/images/logo.png]
[okathemes.com/themes/blend/index3.html]
[okathemes.com/themes/blend/index4.html]
[okathemes.com/themes/blend/index5.html]
[okathemes.com/themes/blend/index6.html]
[okathemes.com/themes/blend/index7.html]
[okathemes.com/themes/blend/index8.html]
[okathemes.com/themes/blend/about.html]
[okathemes.com/themes/blend/services.html]
[okathemes.com/themes/blend/contact.html]
[okathemes.com/themes/blend/full-width.html]
[okathemes.com/themes/blend/left-sidebar.html]
[okathemes.com/themes/blend/right-sidebar.html]
[okathemes.com/themes/blend/404.html]
[okathemes.com/themes/blend/accordion.html]
[okathemes.com/themes/blend/tabs.html]
[okathemes.com/themes/blend/buttons.html]
[okathemes.com/themes/blend/columns.html]
[okathemes.com/themes/blend/pricing.html]
[okathemes.com/themes/blend/icons.html]
[okathemes.com/themes/blend/progress-bar.html]
[okathemes.com/themes/blend/icon-boxes.html]
[okathemes.com/themes/blend/counter.html]
[okathemes.com/themes/blend/pie-chart.html]
[okathemes.com/themes/blend/gallery.html]
[okathemes.com/themes/blend/page-slider.html]
[okathemes.com/themes/blend/parallax.html]
[okathemes.com/themes/blend/gmap.html]
[okathemes.com/themes/blend/alert.html]
[okathemes.com/themes/blend/typography.html]
[okathemes.com/themes/blend/testimonials.html]
[okathemes.com/themes/blend/team.html]
[okathemes.com/themes/blend/tables.html]
[okathemes.com/themes/blend/video.html]
[okathemes.com/themes/blend/portfolio4.html]
[okathemes.com/themes/blend/portfolio4-wide.html]
[okathemes.com/themes/blend/portfolio4-masonry.html]
[okathemes.com/themes/blend/portfolio4-wide-titles.html]
[okathemes.com/themes/blend/portfolio4-whitebg.html]
[okathemes.com/themes/blend/portfolio3.html]
[okathemes.com/themes/blend/portfolio3-wide.html]
[okathemes.com/themes/blend/portfolio3-masonry.html]
[okathemes.com/themes/blend/portfolio3-wide-titles.html]
[okathemes.com/themes/blend/portfolio3-whitebg.html]
[okathemes.com/themes/blend/portfolio2.html]
[okathemes.com/themes/blend/portfolio2-wide.html]
[okathemes.com/themes/blend/portfolio2-masonry.html]
[okathemes.com/themes/blend/portfolio2-wide-titles.html]
[okathemes.com/themes/blend/portfolio2-whitebg.html]
[okathemes.com/themes/blend/portfolio-half.html]
[okathemes.com/themes/blend/portfolio-full.html]
[okathemes.com/themes/blend/portfolio-parallax.html]
[okathemes.com/themes/blend/portfolio-images.html]
[okathemes.com/themes/blend/portfolio-video.html]
[okathemes.com/themes/blend/blog-large.html]
[okathemes.com/themes/blend/blog-medium.html]
[okathemes.com/themes/blend/blog-grid.html]
[okathemes.com/themes/blend/blog-grid-sidebar.html]
[okathemes.com/themes/blend/blog-single-post.html]
[okathemes.com/themes/blend/product-fullwidth.html]
[okathemes.com/themes/blend/product-sidebar.html]
[okathemes.com/themes/blend/product-single.html]
[okathemes.com/themes/blend/product-cart.html]
[okathemes.com/themes/blend/product-login.html]
[okathemes.com/themes/blend/product-checkout.html]
[okathemes.com/themes/blend/images/content/slider-bg1.jpg]
[okathemes.com/themes/blend/images/content/slider-bg2.jpg]
[okathemes.com/themes/blend/images/content/slider-bg3.jpg]
[okathemes.com/themes/blend/images/content/ph01.jpg]
[okathemes.com/themes/blend/images/content/ph02.jpg]
[okathemes.com/themes/blend/images/content/portfolio/p-01.jpg]
[okathemes.com/themes/blend/images/content/portfolio/p-05.jpg]
[okathemes.com/themes/blend/images/content/portfolio/full-project-1.jpg]
[okathemes.com/themes/blend/images/content/portfolio/p-04.jpg]
[okathemes.com/themes/blend/images/content/mob_one.png]
[okathemes.com/themes/blend/video/video2.mp4]
[okathemes.com/themes/blend/images/content/logo-01.png]
[okathemes.com/themes/blend/images/content/logo-02.png]
[okathemes.com/themes/blend/images/content/logo-04.png]
[okathemes.com/themes/blend/images/content/logo-03.png]
[okathemes.com/themes/blend/images/content/logo-05.png]
[okathemes.com/themes/blend/images/content/logo-06.png]
[okathemes.com/themes/blend/images/content/logo-07.png]
[okathemes.com/themes/blend/images/content/logo-08.png]
[okathemes.com/themes/blend/images/logo-footer.png]
[okathemes.com/themes/blend/js/jquery.min.js]
[okathemes.com/themes/blend/js/jquery.themepunch.plugins.min.js]
[okathemes.com/themes/blend/js/jquery.themepunch.revolution.min.js]
[okathemes.com/themes/blend/js/bootstrap.min.js]
[okathemes.com/themes/blend/js/jquery.inview.js]
[okathemes.com/themes/blend/js/isotope.pkgd.min.js]
[okathemes.com/themes/blend/js/imagesloaded.pkgd.min.js]
[okathemes.com/themes/blend/js/jquery.fancybox.pack.js]
[okathemes.com/themes/blend/js/jquery.easytabs.min.js]
[okathemes.com/themes/blend/js/jquery.sticky.js]
[okathemes.com/themes/blend/js/jquery.validate.min.js]
[okathemes.com/themes/blend/js/owl.carousel.min.js]
[okathemes.com/themes/blend/js/jquery.zflickrfeed.min.js]
[okathemes.com/themes/blend/js/twitter-bootstrap-hover-dropdown.min.js]
[okathemes.com/themes/blend/js/classie.js]
[okathemes.com/themes/blend/js/search.js]
[okathemes.com/themes/blend/js/gizmo.js]
[okathemes.com/themes/blend/js/scripts.js]
[okathemes.com/themes/blend/index2.html]
[okathemes.com/themes/blend/images/bg/noise_pattern_with_crosslines.png]
[okathemes.com/themes/blend/css/bootstrap.css]
[okathemes.com/themes/blend/images/content/bg-home-3.jpg]
[okathemes.com/themes/blend/images/content/bg-portfolio.jpg]
[okathemes.com/themes/blend/images/content/bg-res.jpg]
[okathemes.com/themes/blend/images/content/pr-slider-bg1.jpg]
[okathemes.com/themes/blend/images/content/img-features.jpg]
[okathemes.com/themes/blend/images/content/img-portfolio.jpg]
[okathemes.com/themes/blend/images/content/img-blog.jpg]
[okathemes.com/themes/blend/images/content/img-shop.jpg]
[okathemes.com/themes/blend/images/content/bg-home.jpg]
[okathemes.com/themes/blend/images/content/img-post-hom01.jpg]
[okathemes.com/themes/blend/images/content/img-post-hom02.jpg]
[okathemes.com/themes/blend/images/content/parallax-landing.jpg]
[okathemes.com/themes/blend/images/content/bg-404.jpg]
[okathemes.com/themes/blend/images/content/parallax2.jpg]
[okathemes.com/themes/blend/images/content/parallax-medical.jpg]
[okathemes.com/themes/blend/images/content/parallax-res.jpg]
[okathemes.com/themes/blend/images/content/parallax-01.jpg]
[okathemes.com/themes/blend/images/content/parallax-02.jpg]
[okathemes.com/themes/blend/images/content/parallax-03.jpg]
[okathemes.com/themes/blend/images/cross.png]
[okathemes.com/themes/blend/images/content/promo/bg-promo.jpg]
[okathemes.com/themes/blend/css/style.css]
[okathemes.com/themes/blend/css/responsive.css]
[okathemes.com/themes/blend/css/color/blue.css]
[okathemes.com/themes/blend/css/settings.css]
[okathemes.com/themes/blend/css/owl.carousel.css]
[okathemes.com/themes/blend/css/jquery.bxslider.html]
[okathemes.com/themes/blend/images/blank.gif]
[okathemes.com/themes/blend/images/fancybox_overlay.png]
[okathemes.com/themes/blend/css/jquery.fancybox.css]
[okathemes.com/themes/blend/css/fonts/font-awesome.min.css]
[okathemes.com/themes/blend/css/fonts/fontello/fontello.eot]
[okathemes.com/themes/blend/css/fonts/fontello/fontello.woff]
[okathemes.com/themes/blend/css/fonts/fontello/fontello.ttf]
[okathemes.com/themes/blend/css/fonts/fontello.css]
[okathemes.com/themes/blend/css/fonts/gizmo/ss-gizmo.eot]
[okathemes.com/themes/blend/css/fonts/gizmo/ss-gizmod41d.eot]
[okathemes.com/themes/blend/css/fonts/gizmo/ss-gizmo.woff]
[okathemes.com/themes/blend/css/fonts/gizmo/ss-gizmo.ttf]
[okathemes.com/themes/blend/css/fonts/gizmo.css]
[okathemes.com/themes/blend/css/fonts/picons/piconsthin.eot]
[okathemes.com/themes/blend/css/fonts/picons/piconsthin.woff]
[okathemes.com/themes/blend/css/fonts/picons/piconsthin.ttf]
[okathemes.com/themes/blend/css/fonts/picons.css]
[okathemes.com/themes/blend/images/switcher.png]
[okathemes.com/themes/blend/images/bg/noise.png]
[okathemes.com/themes/blend/images/bg/escheresque_ste.png]
[okathemes.com/themes/blend/images/bg/crisp_paper_ruffles.png]
[okathemes.com/themes/blend/images/bg/navy_blue.png]
[okathemes.com/themes/blend/images/bg/bedge_grunge.png]
[okathemes.com/themes/blend/images/bg/diamond_upholstery.png]
[okathemes.com/themes/blend/images/bg/px_by_Gre3g.png]
[okathemes.com/themes/blend/switcher/switcher.css]
[okathemes.com/themes/blend/images/logo-white.png]
[okathemes.com/themes/blend/images/content/ph03.jpg]
[okathemes.com/themes/blend/images/content/portfolio/masonry/pm-01.jpg]
[okathemes.com/themes/blend/images/content/portfolio/masonry/pm-02.jpg]
[okathemes.com/themes/blend/images/content/portfolio/p-02.jpg]
[okathemes.com/themes/blend/images/content/portfolio/full-project-2.jpg]
[okathemes.com/themes/blend/images/content/portfolio/p-03.jpg]
[okathemes.com/themes/blend/images/content/portfolio/masonry/pm-03.jpg]
[okathemes.com/themes/blend/images/content/portfolio/full-project-3.jpg]
[okathemes.com/themes/blend/images/content/portfolio/p-06.jpg]
[okathemes.com/themes/blend/images/content/team1.jpg]
[okathemes.com/themes/blend/images/content/team2.jpg]
[okathemes.com/themes/blend/images/content/team3.jpg]
[okathemes.com/themes/blend/images/content/img-imac-hom.png]
[okathemes.com/themes/blend/images/content/img-blog-hom01.jpg]
[okathemes.com/themes/blend/images/content/img-blog-hom02.jpg]
[okathemes.com/themes/blend/images/content/img-blog-hom03.jpg]
[okathemes.com/themes/blend/images/content/img-blog-hom04.jpg]
[okathemes.com/themes/blend/images/content/happy-clients-01.jpg]
[okathemes.com/themes/blend/images/content/happy-clients-02.jpg]
[okathemes.com/themes/blend/images/content/happy-clients-03.jpg]
[okathemes.com/themes/blend/js/jquery.easy-pie-chart.js]
[okathemes.com/themes/blend/index1.html]
[okathemes.com/themes/blend/index3.html]
[okathemes.com/themes/blend/images/content/mob_two.png]
[okathemes.com/themes/blend/images/content/mob_two-angle.png]
[okathemes.com/themes/blend/images/content/img-landing-slide1.jpg]
[okathemes.com/themes/blend/images/content/img-landing-slide2.jpg]
[okathemes.com/themes/blend/index4.html]
[okathemes.com/themes/blend/index5.html]
[okathemes.com/themes/blend/images/content/slider-ed-bg1.jpg]
[okathemes.com/themes/blend/images/content/man.png]
[okathemes.com/themes/blend/images/content/team4.jpg]
[okathemes.com/themes/blend/images/content/img-ed01.jpg]
[okathemes.com/themes/blend/images/logo02.png]
[okathemes.com/themes/blend/index6.html]
[okathemes.com/themes/blend/images/content/md-slider-bg1.jpg]
[okathemes.com/themes/blend/images/content/md-slider-bg2.jpg]
[okathemes.com/themes/blend/images/content/md-img01.jpg]
[okathemes.com/themes/blend/images/content/md-img02.jpg]
[okathemes.com/themes/blend/images/content/md-img03.jpg]
[okathemes.com/themes/blend/images/content/team5.jpg]
[okathemes.com/themes/blend/images/content/team6.jpg]
[okathemes.com/themes/blend/index7.html]
[okathemes.com/themes/blend/images/content/pr-img01.jpg]
[okathemes.com/themes/blend/index8.html]
[okathemes.com/themes/blend/about.html]
[okathemes.com/themes/blend/services.html]
[okathemes.com/themes/blend/contact.html]
[okathemes.com/themes/blend/full-width.html]
[okathemes.com/themes/blend/left-sidebar.html]
[okathemes.com/themes/blend/right-sidebar.html]
[okathemes.com/themes/blend/404.html]
[okathemes.com/themes/blend/accordion.html]
[okathemes.com/themes/blend/tabs.html]
[okathemes.com/themes/blend/buttons.html]
[okathemes.com/themes/blend/columns.html]
[okathemes.com/themes/blend/pricing.html]
[okathemes.com/themes/blend/icons.html]
[okathemes.com/themes/blend/progress-bar.html]
[okathemes.com/themes/blend/icon-boxes.html]
[okathemes.com/themes/blend/counter.html]
[okathemes.com/themes/blend/pie-chart.html]
[okathemes.com/themes/blend/images/content/portfolio/p-07.jpg]
[okathemes.com/themes/blend/images/content/portfolio/p-08.jpg]
[okathemes.com/themes/blend/images/content/portfolio/p-09.jpg]
[okathemes.com/themes/blend/gallery.html]
[okathemes.com/themes/blend/page-slider.html]
[okathemes.com/themes/blend/parallax.html]
[okathemes.com/themes/blend/gmap.html]
[okathemes.com/themes/blend/alert.html]
[okathemes.com/themes/blend/typography.html]
[okathemes.com/themes/blend/testimonials.html]
[okathemes.com/themes/blend/team.html]
[okathemes.com/themes/blend/tables.html]
[okathemes.com/themes/blend/video.html]
[okathemes.com/themes/blend/images/content/portfolio/p-10.jpg]
[okathemes.com/themes/blend/images/content/portfolio/p-11.jpg]
[okathemes.com/themes/blend/images/content/portfolio/p-12.jpg]
[okathemes.com/themes/blend/portfolio4.html]
[okathemes.com/themes/blend/portfolio4-wide.html]
[okathemes.com/themes/blend/portfolio4-masonry.html]
[okathemes.com/themes/blend/portfolio4-wide-titles.html]
[okathemes.com/themes/blend/portfolio4-whitebg.html]
[okathemes.com/themes/blend/portfolio3.html]
[okathemes.com/themes/blend/portfolio3-wide.html]
[okathemes.com/themes/blend/portfolio3-masonry.html]
[okathemes.com/themes/blend/portfolio3-wide-titles.html]
[okathemes.com/themes/blend/portfolio3-whitebg.html]
[okathemes.com/themes/blend/portfolio2.html]
[okathemes.com/themes/blend/portfolio2-wide.html]
[okathemes.com/themes/blend/portfolio2-masonry.html]
[okathemes.com/themes/blend/portfolio2-wide-titles.html]
[okathemes.com/themes/blend/portfolio2-whitebg.html]
[okathemes.com/themes/blend/portfolio-half.html]
[okathemes.com/themes/blend/portfolio-full.html]
[okathemes.com/themes/blend/portfolio-parallax.html]
[okathemes.com/themes/blend/portfolio-images.html]
[okathemes.com/themes/blend/portfolio-video.html]
[okathemes.com/themes/blend/blog-large.html]
[okathemes.com/themes/blend/blog-medium.html]
[okathemes.com/themes/blend/blog-grid.html]
[okathemes.com/themes/blend/blog-grid-sidebar.html]
[okathemes.com/themes/blend/blog-single-post.html]
[okathemes.com/themes/blend/images/content/products/product-1.jpg]
[okathemes.com/themes/blend/images/content/products/product-2.jpg]
[okathemes.com/themes/blend/images/content/products/product-3.jpg]
[okathemes.com/themes/blend/images/content/products/product-4.jpg]
[okathemes.com/themes/blend/images/content/products/product-5.jpg]
[okathemes.com/themes/blend/images/content/products/product-6.jpg]
[okathemes.com/themes/blend/images/content/products/product-7.jpg]
[okathemes.com/themes/blend/images/content/products/product-8.jpg]
[okathemes.com/themes/blend/product-fullwidth.html]
[okathemes.com/themes/blend/product-sidebar.html]
[okathemes.com/themes/blend/images/content/products/product-slide-1.jpg]
[okathemes.com/themes/blend/images/content/products/product-slide-2.jpg]
[okathemes.com/themes/blend/product-single.html]
[okathemes.com/themes/blend/product-cart.html]
[okathemes.com/themes/blend/product-login.html]
[okathemes.com/themes/blend/product-checkout.html]
[okathemes.com/themes/blend/images/content/slider-bg1.jpg]
[okathemes.com/themes/blend/video/video.html]
[okathemes.com/themes/blend/fonts/glyphicons-halflings-regular.html]
[okathemes.com/themes/blend/fonts/glyphicons-halflings-regular-2.html]
[okathemes.com/themes/blend/fonts/glyphicons-halflings-regular-3.html]
[okathemes.com/themes/blend/fonts/glyphicons-halflings-regular-4.html]
[okathemes.com/themes/blend/fonts/glyphicons-halflings-regular-5.html]
[okathemes.com/themes/blend/css/style/images/timer.html]
[okathemes.com/themes/blend/video/video2.mp4]
[okathemes.com/themes/blend/images/content/bg-home-3.jpg]
[okathemes.com/themes/blend/images/content/bg-res.jpg]
[okathemes.com/themes/blend/images/content/pr-slider-bg1.jpg]
[okathemes.com/themes/blend/images/content/img-blog.jpg]
[okathemes.com/themes/blend/images/content/bg-home.jpg]
[okathemes.com/themes/blend/images/content/parallax-landing.jpg]
[okathemes.com/themes/blend/images/content/bg-landing.html]
[okathemes.com/themes/blend/images/content/parallax3.html]
[okathemes.com/themes/blend/images/content/parallax-testimonials.html]
[okathemes.com/themes/blend/images/content/parallax-res.jpg]
[okathemes.com/themes/blend/images/gradient/g30.html]
[okathemes.com/themes/blend/images/gradient/g40.html]
[okathemes.com/themes/blend/assets/shadow1.html]
[okathemes.com/themes/blend/assets/shadow2.html]
[okathemes.com/themes/blend/assets/shadow3.html]
[okathemes.com/themes/blend/assets/gridtile.html]
[okathemes.com/themes/blend/assets/gridtile_white.html]
[okathemes.com/themes/blend/assets/gridtile_3x3.html]
[okathemes.com/themes/blend/assets/gridtile_3x3_white.html]
[okathemes.com/themes/blend/assets/boxed_bgtile.html]
[okathemes.com/themes/blend/assets/navigdots_bgtile.html]
[okathemes.com/themes/blend/assets/bullet.html]
[okathemes.com/themes/blend/assets/bullets.html]
[okathemes.com/themes/blend/assets/bullets2.html]
[okathemes.com/themes/blend/assets/bullet_boxed.html]
[okathemes.com/themes/blend/assets/navigdots.html]
[okathemes.com/themes/blend/assets/large_left.html]
[okathemes.com/themes/blend/assets/large_right.html]
[okathemes.com/themes/blend/assets/small_left.html]
[okathemes.com/themes/blend/assets/small_right.html]
[okathemes.com/themes/blend/assets/arrow_left.html]
[okathemes.com/themes/blend/assets/arrow_right.html]
[okathemes.com/themes/blend/assets/small_left_boxed.html]
[okathemes.com/themes/blend/assets/small_right_boxed.html]
[okathemes.com/themes/blend/assets/arrowleft.html]
[okathemes.com/themes/blend/assets/arrowright.html]
[okathemes.com/themes/blend/assets/arrow_left2.html]
[okathemes.com/themes/blend/assets/arrow_right2.html]
[okathemes.com/themes/blend/assets/timer.html]
[okathemes.com/themes/blend/assets/coloredbg.html]
[okathemes.com/themes/blend/assets/loader.html]
[okathemes.com/themes/blend/font/revicons.html]
[okathemes.com/themes/blend/font/revicons-2.html]
[okathemes.com/themes/blend/font/revicons-3.html]
[okathemes.com/themes/blend/font/revicons-4.html]
[okathemes.com/themes/blend/css/grabbing.html]
[okathemes.com/themes/blend/css/AjaxLoader.html]
[okathemes.com/themes/blend/css/fancybox_sprite.html]
[okathemes.com/themes/blend/css/fancybox_loading.html]
[okathemes.com/themes/blend/images/fancybox_sprite_402x.html]
[okathemes.com/themes/blend/images/fancybox_loading_402x.html]
[okathemes.com/themes/blend/css/fonts/fontawesome/fontawesome-webfont.eot@v=4.2.html]
[okathemes.com/themes/blend/css/fonts/fontawesome/fontawesome-webfont.html]
[okathemes.com/themes/blend/css/fonts/fontawesome/fontawesome-webfont.woff@v=4.2.html]
[okathemes.com/themes/blend/css/fonts/fontawesome/fontawesome-webfont.ttf@v=4.2.html]
[okathemes.com/themes/blend/css/fonts/fontawesome/fontawesome-webfont.svg@v=4.2.html]
[okathemes.com/themes/blend/css/fonts/fontello/fontello.html]
[okathemes.com/themes/blend/css/fonts/fontello/fontello.svg]
[okathemes.com/themes/blend/css/fonts/fontello/fontello-circle.html]
[okathemes.com/themes/blend/css/fonts/fontello/fontello-circle-2.html]
[okathemes.com/themes/blend/css/fonts/fontello/fontello-circle-3.html]
[okathemes.com/themes/blend/css/fonts/fontello/fontello-circle-4.html]
[okathemes.com/themes/blend/css/fonts/gizmo/ss-gizmo.svg]
[okathemes.com/themes/blend/css/fonts/picons/piconsthin.html]
[okathemes.com/themes/blend/css/fonts/picons/piconsthin.svg]
[okathemes.com/themes/blend/blog-single-post-2.html]
[okathemes.com/themes/blend/images/content/img-imac-hom.png]
[okathemes.com/themes/blend/images/content/mob_two-angle.png]
[okathemes.com/themes/blend/images/content/img-landing-slide2.jpg]
[okathemes.com/themes/blend/counters.html]
